error: unsupported parameter (`network`, `usb` are supported)
 --> tests/ui/config/misspelled_config_kind.rs:9:20
  |
9 | #[ariel_os::config(networkk)]
  |                    ^^^^^^^^
