error: custom attribute panicked
 --> tests/ui/config/no_parameters.rs:9:1
  |
9 | #[ariel_os::config]
  | ^^^^^^^^^^^^^^^^^^^
  |
  = help: message: a configuration kind must be specified
