error: custom attribute panicked
 --> tests/ui/task/missing_autostart_param_for_peripherals.rs:6:1
  |
6 | #[ariel_os::task(peripherals)]
  | ^^^^^^^^^^^^^^^^^^^^^^^^^^^^^^
  |
  = help: message: the task must be `autostart` to receive peripherals
