error: custom attribute panicked
 --> tests/ui/task/non_async_fn.rs:6:1
  |
6 | #[ariel_os::task]
  | ^^^^^^^^^^^^^^^^^
  |
  = help: message: the function must be async
